// Jest Snapshot v1, https://goo.gl/fbAQLP

exports[`Popover render 1`] = `
Array [
  <button
    class="btn"
    type="button"
  >
    button
  </button>,
  <div
    data-popper-escaped=""
    data-popper-placement="top"
    data-popper-reference-hidden=""
    style="z-index: 1001; position: absolute; left: 0px; top: 0px; margin: 0px; padding-bottom: 10px; bottom: 0px; transform: translate(0px, 0px);"
  >
    <div
      class="xl-popover popup"
      data-placement="top"
      style="transform-origin: 0px 100%;"
    >
      <div
        class="xl-popover__arrow"
        data-popper-arrow=""
        style="position: absolute; left: 0px; transform: translate(0px, 0px);"
      />
      <div
        class="xl-popover__inner"
      >
        <div
          class="xl-popover__title"
        >
          title
        </div>
        <div
          class="xl-popover__content"
        >
          content
        </div>
      </div>
    </div>
  </div>,
]
`;
