// Jest Snapshot v1, https://goo.gl/fbAQLP

exports[`ConfirmModal 渲染ConfirmModal 1`] = `
<div
  class="xl-modal__wrap xl-modal--fade-enter xl-modal--fade-enter-active"
  style="z-index: 1001;"
>
  <div
    class="xl-modal"
    style="width: 416px;"
  >
    <div
      class="xl-modal__body"
    >
      <div
        class="xl-modal-confirm"
      >
        <div
          class="xl-modal-confirm__body"
        >
          <div
            class="xl-modal-confirm__title"
          >
            title
          </div>
          <div
            class="xl-modal-confirm__content"
          >
            content
          </div>
          <div
            class="xl-modal-confirm__footer"
          >
            <button
              class="xl-button xl-button--primary xl-button--size-default"
            >
              <span>
                确认
              </span>
            </button>
          </div>
        </div>
      </div>
    </div>
  </div>
</div>
`;
