// Jest Snapshot v1, https://goo.gl/fbAQLP

exports[`CollapseTransition 基本使用 1`] = `null`;

exports[`CollapseTransition 基本使用 2`] = `
<div
  style="box-sizing: border-box; overflow: hidden; padding-bottom: 0px; padding-top: 0px; transition: height 1s ease; height: 0px;"
>
  <div
    style="position: relative;"
  >
    <div />
  </div>
</div>
`;
