// Jest Snapshot v1, https://goo.gl/fbAQLP

exports[`Grid Test renders basically 1`] = `
<Row
  align="top"
  gutter={10}
  justify="center"
  type="flex"
>
  <div
    className="xl-row xl-row-flex xl-row-flex-center xl-row-flex-top"
    style={
      Object {
        "marginLeft": -5,
        "marginRight": -5,
      }
    }
  >
    <Col
      lg={
        Object {
          "offset": 10,
          "pull": 12,
          "push": 11,
          "span": 9,
        }
      }
      md={
        Object {
          "offset": 14,
          "pull": 16,
          "push": 15,
          "span": 13,
        }
      }
      offset={1}
      pull={3}
      push={2}
      sm={
        Object {
          "offset": 18,
          "pull": 20,
          "push": 19,
          "span": 17,
        }
      }
      span={10}
      xl={
        Object {
          "offset": 6,
          "pull": 8,
          "push": 7,
          "span": 5,
        }
      }
      xs={
        Object {
          "offset": 22,
          "pull": 24,
          "push": 23,
          "span": 21,
        }
      }
      xxl={
        Object {
          "offset": 2,
          "pull": 4,
          "push": 3,
          "span": 1,
        }
      }
    >
      <div
        className="xl-col xl-col-span-10 xl-col-offset-1 xl-col-push-2 xl-col-pull-3 xl-col-xs-span-21 xl-col-xs-offset-22 xl-col-xs-push-23 xl-col-xs-pull-24 xl-col-sm-span-17 xl-col-sm-offset-18 xl-col-sm-push-19 xl-col-sm-pull-20 xl-col-md-span-13 xl-col-md-offset-14 xl-col-md-push-15 xl-col-md-pull-16 xl-col-lg-span-9 xl-col-lg-offset-10 xl-col-lg-push-11 xl-col-lg-pull-12 xl-col-xl-span-5 xl-col-xl-offset-6 xl-col-xl-push-7 xl-col-xl-pull-8 xl-col-xxl-span-1 xl-col-xxl-offset-2 xl-col-xxl-push-3 xl-col-xxl-pull-4"
        style={
          Object {
            "marginLeft": -5,
            "marginRight": -5,
          }
        }
      >
        renders row
      </div>
    </Col>
  </div>
</Row>
`;
